main.cpp:95:5:int main()	536	static
main.cpp:173:6:void SystemClock_Config()	88	static
main.cpp:219:13:void MX_TIM1_Init()	32	static
main.cpp:265:13:void MX_TIM2_Init()	32	static
main.cpp:310:13:void MX_USART2_UART_Init()	8	static
main.cpp:343:13:void MX_GPIO_Init()	48	static
main.cpp:385:6:void HAL_TIM_PeriodElapsedCallback(TIM_HandleTypeDef*)	24	static
main.cpp:394:6:void HAL_GPIO_EXTI_Callback(uint16_t)	16	static
main.cpp:402:6:bool inputRxBitReadFunc()	16	static
main.cpp:406:6:void inputRxPinInterruptSetFunc()	8	static
main.cpp:409:6:void timerRxInitFunc(uint16_t)	16	static
main.cpp:414:6:void timerRxStartFunc()	8	static
main.cpp:418:6:void stopRxInterruptionsFunc()	8	static
main.cpp:421:6:void outputTxBitSetFunc(bool)	16	static
main.cpp:424:6:void timerTxInitFunc(uint16_t)	16	static
main.cpp:429:6:void timerTxStartFunc()	8	static
main.cpp:433:6:void timerTxStopFunc()	8	static
main.cpp:437:6:void timerRxStopFunc()	8	static
main.cpp:442:6:void loggerFunc(uint8_t)	16	static
main.cpp:452:6:void Error_Handler()	4	static,ignoring_inline_asm
main.cpp:461:1:void __static_initialization_and_destruction_0(int, int)	56	static
main.cpp:461:1:cpp)	8	static
